// Jest Snapshot v1, https://goo.gl/fbAQLP

exports[`expect to render CardList component 1`] = `
"<button id=\\"counter\\" color=\\"red\\" onClick={[Function: onClick]}>
  Count: 
  0
</button>"
`;
