// Jest Snapshot v1, https://goo.gl/fbAQLP

exports[`renders Mainpage without crashing 1`] = `
"<div className=\\"tc\\">
  <Header />
  <SearchBox searchChange={[undefined]} />
  <Scroll>
    <ErrorBoundary>
      <CardList robots={{...}} />
    </ErrorBoundary>
  </Scroll>
</div>"
`;
